
> portfolio@0.1.0 test D:\rag\learn\portfolio
> vitest "--run"


[1m[46m RUN [49m[22m [36mv4.0.17 [39m[90mD:/rag/learn/portfolio[39m

stderr | src/lib/__tests__/learnings.test.ts > learnings.ts > getAllLearnings > should return empty array when directory does not exist
Learnings directory not found: D:\rag\learn\portfolio\content\learnings

stderr | src/lib/__tests__/learnings.test.ts > learnings.ts > getAllLearnings > should handle parsing errors gracefully
Error parsing learning file broken.md: Error: Parse error
    at D:/rag/learn/portfolio/src/lib/__tests__/learnings.test.ts:144:27
    at Mock (file:///D:/rag/learn/portfolio/node_modules/.pnpm/@vitest+spy@4.0.17/node_modules/@vitest/spy/dist/index.js:285:34)
    at Object.readFileSync (D:/rag/learn/portfolio/src/lib/__tests__/learnings.test.ts:13:73)
    at parseLearningFile (D:/rag/learn/portfolio/src/lib/learnings.ts:18:27)
    at D:/rag/learn/portfolio/src/lib/learnings.ts:66:14
    at Array.map (<anonymous>)
    at Module.getAllLearnings (D:/rag/learn/portfolio/src/lib/learnings.ts:64:29)
    at D:/rag/learn/portfolio/src/lib/__tests__/learnings.test.ts:147:28
    at file:///D:/rag/learn/portfolio/node_modules/.pnpm/@vitest+runner@4.0.17/node_modules/@vitest/runner/dist/index.js:145:11
    at file:///D:/rag/learn/portfolio/node_modules/.pnpm/@vitest+runner@4.0.17/node_modules/@vitest/runner/dist/index.js:915:26

stderr | src/lib/__tests__/learnings.test.ts > learnings.ts > getLearningById > should return null when directory does not exist
Learnings directory not found: D:\rag\learn\portfolio\content\learnings

 [32m✓[39m src/lib/__tests__/learnings.test.ts [2m([22m[2m11 tests[22m[2m)[22m[32m 43[2mms[22m[39m
stderr | src/lib/__tests__/projects.test.ts > projects.ts > getAllProjects > should return empty array when directory does not exist
Projects directory not found: D:\rag\learn\portfolio\content\projects

stderr | src/lib/__tests__/projects.test.ts > projects.ts > getAllProjects > should handle parsing errors gracefully
Error parsing project file broken.mdx: Error: Parse error
    at D:/rag/learn/portfolio/src/lib/__tests__/projects.test.ts:148:27
    at Mock (file:///D:/rag/learn/portfolio/node_modules/.pnpm/@vitest+spy@4.0.17/node_modules/@vitest/spy/dist/index.js:285:34)
    at Object.readFileSync (D:/rag/learn/portfolio/src/lib/__tests__/projects.test.ts:15:73)
    at parseProjectFile (D:/rag/learn/portfolio/src/lib/projects.ts:18:27)
    at D:/rag/learn/portfolio/src/lib/projects.ts:68:14
    at Array.map (<anonymous>)
    at Module.getAllProjects (D:/rag/learn/portfolio/src/lib/projects.ts:66:29)
    at D:/rag/learn/portfolio/src/lib/__tests__/projects.test.ts:151:28
    at file:///D:/rag/learn/portfolio/node_modules/.pnpm/@vitest+runner@4.0.17/node_modules/@vitest/runner/dist/index.js:145:11
    at file:///D:/rag/learn/portfolio/node_modules/.pnpm/@vitest+runner@4.0.17/node_modules/@vitest/runner/dist/index.js:915:26

stderr | src/lib/__tests__/projects.test.ts > projects.ts > getProjectBySlug > should return null when directory does not exist
Projects directory not found: D:\rag\learn\portfolio\content\projects

 [32m✓[39m src/lib/__tests__/projects.test.ts [2m([22m[2m12 tests[22m[2m)[22m[32m 40[2mms[22m[39m
 [32m✓[39m src/components/__tests__/TechStackIcon.test.tsx [2m([22m[2m22 tests[22m[2m)[22m[32m 103[2mms[22m[39m
stderr | src/components/__tests__/ProjectCard.test.tsx > ProjectCard > Front Side Rendering > should render project title
Received `false` for a non-boolean attribute `priority`.

If you want to write it to the DOM, pass a string instead: priority="false" or priority={value.toString()}.

If you used to conditionally omit it with priority={condition && value}, pass priority={condition ? value : undefined} instead.

 [32m✓[39m src/components/__tests__/ProjectCard.test.tsx [2m([22m[2m14 tests[22m[2m)[22m[32m 200[2mms[22m[39m
 [32m✓[39m src/components/__tests__/FlipCard.test.tsx [2m([22m[2m21 tests[22m[2m)[22m[33m 428[2mms[22m[39m
Not implemented: navigation to another Document
 [32m✓[39m src/components/__tests__/Navbar.test.tsx [2m([22m[2m22 tests[22m[2m)[22m[33m 493[2mms[22m[39m

[2m Test Files [22m [1m[32m6 passed[39m[22m[90m (6)[39m
[2m      Tests [22m [1m[32m102 passed[39m[22m[90m (102)[39m
[2m   Start at [22m 05:56:26
[2m   Duration [22m 6.21s[2m (transform 962ms, setup 3.66s, import 4.24s, tests 1.31s, environment 21.55s)[22m

